exports[`test StarRating renders correctly 1`] = `
<View
  style={
    Object {
      "flexDirection": "row",
      "justifyContent": "space-between"
    }
  }>
  <View
    accessibilityComponentType={undefined}
    accessibilityLabel={undefined}
    accessibilityTraits={undefined}
    accessible={true}
    hitSlop={undefined}
    onLayout={undefined}
    onResponderGrant={[Function bound touchableHandleResponderGrant]}
    onResponderMove={[Function bound touchableHandleResponderMove]}
    onResponderRelease={[Function bound touchableHandleResponderRelease]}
    onResponderTerminate={[Function bound touchableHandleResponderTerminate]}
    onResponderTerminationRequest={[Function bound touchableHandleResponderTerminationRequest]}
    onStartShouldSetResponder={[Function bound touchableHandleStartShouldSetResponder]}
    style={
      Object {
        "opacity": 1
      }
    }
    testID={undefined}>
    <Text
      allowFontScaling={false}
      style={
        Array [
          Object {
            "color": "#F9D53B",
            "fontFamily": "FontAwesome",
            "fontSize": 11,
            "fontStyle": "normal",
            "fontWeight": "normal"
          },
          undefined
        ]
      }>
      
    </Text>
  </View>
  <View
    accessibilityComponentType={undefined}
    accessibilityLabel={undefined}
    accessibilityTraits={undefined}
    accessible={true}
    hitSlop={undefined}
    onLayout={undefined}
    onResponderGrant={[Function bound touchableHandleResponderGrant]}
    onResponderMove={[Function bound touchableHandleResponderMove]}
    onResponderRelease={[Function bound touchableHandleResponderRelease]}
    onResponderTerminate={[Function bound touchableHandleResponderTerminate]}
    onResponderTerminationRequest={[Function bound touchableHandleResponderTerminationRequest]}
    onStartShouldSetResponder={[Function bound touchableHandleStartShouldSetResponder]}
    style={
      Object {
        "opacity": 1
      }
    }
    testID={undefined}>
    <Text
      allowFontScaling={false}
      style={
        Array [
          Object {
            "color": "#F9D53B",
            "fontFamily": "FontAwesome",
            "fontSize": 11,
            "fontStyle": "normal",
            "fontWeight": "normal"
          },
          undefined
        ]
      }>
      
    </Text>
  </View>
  <View
    accessibilityComponentType={undefined}
    accessibilityLabel={undefined}
    accessibilityTraits={undefined}
    accessible={true}
    hitSlop={undefined}
    onLayout={undefined}
    onResponderGrant={[Function bound touchableHandleResponderGrant]}
    onResponderMove={[Function bound touchableHandleResponderMove]}
    onResponderRelease={[Function bound touchableHandleResponderRelease]}
    onResponderTerminate={[Function bound touchableHandleResponderTerminate]}
    onResponderTerminationRequest={[Function bound touchableHandleResponderTerminationRequest]}
    onStartShouldSetResponder={[Function bound touchableHandleStartShouldSetResponder]}
    style={
      Object {
        "opacity": 1
      }
    }
    testID={undefined}>
    <Text
      allowFontScaling={false}
      style={
        Array [
          Object {
            "color": "#F9D53B",
            "fontFamily": "FontAwesome",
            "fontSize": 11,
            "fontStyle": "normal",
            "fontWeight": "normal"
          },
          undefined
        ]
      }>
      
    </Text>
  </View>
  <View
    accessibilityComponentType={undefined}
    accessibilityLabel={undefined}
    accessibilityTraits={undefined}
    accessible={true}
    hitSlop={undefined}
    onLayout={undefined}
    onResponderGrant={[Function bound touchableHandleResponderGrant]}
    onResponderMove={[Function bound touchableHandleResponderMove]}
    onResponderRelease={[Function bound touchableHandleResponderRelease]}
    onResponderTerminate={[Function bound touchableHandleResponderTerminate]}
    onResponderTerminationRequest={[Function bound touchableHandleResponderTerminationRequest]}
    onStartShouldSetResponder={[Function bound touchableHandleStartShouldSetResponder]}
    style={
      Object {
        "opacity": 1
      }
    }
    testID={undefined}>
    <Text
      allowFontScaling={false}
      style={
        Array [
          Object {
            "color": "#F9D53B",
            "fontFamily": "FontAwesome",
            "fontSize": 11,
            "fontStyle": "normal",
            "fontWeight": "normal"
          },
          undefined
        ]
      }>
      
    </Text>
  </View>
  <View
    accessibilityComponentType={undefined}
    accessibilityLabel={undefined}
    accessibilityTraits={undefined}
    accessible={true}
    hitSlop={undefined}
    onLayout={undefined}
    onResponderGrant={[Function bound touchableHandleResponderGrant]}
    onResponderMove={[Function bound touchableHandleResponderMove]}
    onResponderRelease={[Function bound touchableHandleResponderRelease]}
    onResponderTerminate={[Function bound touchableHandleResponderTerminate]}
    onResponderTerminationRequest={[Function bound touchableHandleResponderTerminationRequest]}
    onStartShouldSetResponder={[Function bound touchableHandleStartShouldSetResponder]}
    style={
      Object {
        "opacity": 1
      }
    }
    testID={undefined}>
    <Text
      allowFontScaling={false}
      style={
        Array [
          Object {
            "color": "#F9D53B",
            "fontFamily": "FontAwesome",
            "fontSize": 11,
            "fontStyle": "normal",
            "fontWeight": "normal"
          },
          undefined
        ]
      }>
      
    </Text>
  </View>
  <View
    accessibilityComponentType={undefined}
    accessibilityLabel={undefined}
    accessibilityTraits={undefined}
    accessible={true}
    hitSlop={undefined}
    onLayout={undefined}
    onResponderGrant={[Function bound touchableHandleResponderGrant]}
    onResponderMove={[Function bound touchableHandleResponderMove]}
    onResponderRelease={[Function bound touchableHandleResponderRelease]}
    onResponderTerminate={[Function bound touchableHandleResponderTerminate]}
    onResponderTerminationRequest={[Function bound touchableHandleResponderTerminationRequest]}
    onStartShouldSetResponder={[Function bound touchableHandleStartShouldSetResponder]}
    style={
      Object {
        "opacity": 1
      }
    }
    testID={undefined}>
    <Text
      allowFontScaling={false}
      style={
        Array [
          Object {
            "color": "#F9D53B",
            "fontFamily": "FontAwesome",
            "fontSize": 11,
            "fontStyle": "normal",
            "fontWeight": "normal"
          },
          undefined
        ]
      }>
      
    </Text>
  </View>
  <View
    accessibilityComponentType={undefined}
    accessibilityLabel={undefined}
    accessibilityTraits={undefined}
    accessible={true}
    hitSlop={undefined}
    onLayout={undefined}
    onResponderGrant={[Function bound touchableHandleResponderGrant]}
    onResponderMove={[Function bound touchableHandleResponderMove]}
    onResponderRelease={[Function bound touchableHandleResponderRelease]}
    onResponderTerminate={[Function bound touchableHandleResponderTerminate]}
    onResponderTerminationRequest={[Function bound touchableHandleResponderTerminationRequest]}
    onStartShouldSetResponder={[Function bound touchableHandleStartShouldSetResponder]}
    style={
      Object {
        "opacity": 1
      }
    }
    testID={undefined}>
    <Text
      allowFontScaling={false}
      style={
        Array [
          Object {
            "color": "#F9D53B",
            "fontFamily": "FontAwesome",
            "fontSize": 11,
            "fontStyle": "normal",
            "fontWeight": "normal"
          },
          undefined
        ]
      }>
      
    </Text>
  </View>
  <View
    accessibilityComponentType={undefined}
    accessibilityLabel={undefined}
    accessibilityTraits={undefined}
    accessible={true}
    hitSlop={undefined}
    onLayout={undefined}
    onResponderGrant={[Function bound touchableHandleResponderGrant]}
    onResponderMove={[Function bound touchableHandleResponderMove]}
    onResponderRelease={[Function bound touchableHandleResponderRelease]}
    onResponderTerminate={[Function bound touchableHandleResponderTerminate]}
    onResponderTerminationRequest={[Function bound touchableHandleResponderTerminationRequest]}
    onStartShouldSetResponder={[Function bound touchableHandleStartShouldSetResponder]}
    style={
      Object {
        "opacity": 1
      }
    }
    testID={undefined}>
    <Text
      allowFontScaling={false}
      style={
        Array [
          Object {
            "color": "#F9D53B",
            "fontFamily": "FontAwesome",
            "fontSize": 11,
            "fontStyle": "normal",
            "fontWeight": "normal"
          },
          undefined
        ]
      }>
      
    </Text>
  </View>
  <View
    accessibilityComponentType={undefined}
    accessibilityLabel={undefined}
    accessibilityTraits={undefined}
    accessible={true}
    hitSlop={undefined}
    onLayout={undefined}
    onResponderGrant={[Function bound touchableHandleResponderGrant]}
    onResponderMove={[Function bound touchableHandleResponderMove]}
    onResponderRelease={[Function bound touchableHandleResponderRelease]}
    onResponderTerminate={[Function bound touchableHandleResponderTerminate]}
    onResponderTerminationRequest={[Function bound touchableHandleResponderTerminationRequest]}
    onStartShouldSetResponder={[Function bound touchableHandleStartShouldSetResponder]}
    style={
      Object {
        "opacity": 1
      }
    }
    testID={undefined}>
    <Text
      allowFontScaling={false}
      style={
        Array [
          Object {
            "color": "#F9D53B",
            "fontFamily": "FontAwesome",
            "fontSize": 11,
            "fontStyle": "normal",
            "fontWeight": "normal"
          },
          undefined
        ]
      }>
      
    </Text>
  </View>
  <View
    accessibilityComponentType={undefined}
    accessibilityLabel={undefined}
    accessibilityTraits={undefined}
    accessible={true}
    hitSlop={undefined}
    onLayout={undefined}
    onResponderGrant={[Function bound touchableHandleResponderGrant]}
    onResponderMove={[Function bound touchableHandleResponderMove]}
    onResponderRelease={[Function bound touchableHandleResponderRelease]}
    onResponderTerminate={[Function bound touchableHandleResponderTerminate]}
    onResponderTerminationRequest={[Function bound touchableHandleResponderTerminationRequest]}
    onStartShouldSetResponder={[Function bound touchableHandleStartShouldSetResponder]}
    style={
      Object {
        "opacity": 1
      }
    }
    testID={undefined}>
    <Text
      allowFontScaling={false}
      style={
        Array [
          Object {
            "color": "gray",
            "fontFamily": "FontAwesome",
            "fontSize": 11,
            "fontStyle": "normal",
            "fontWeight": "normal"
          },
          undefined
        ]
      }>
      
    </Text>
  </View>
</View>
`;
